[www.trustcarehealth.com/index.html]
[trustcarehealth.com/uploads/icons/fbf-favicon.png]
[backblue.gif]
[fade.gif]
[index.html]
[connect.facebook.net/en_US/fbevents.js]
[www.trustcarehealth.com/css/maine8c8.css]
[trustcarehealth.com/uploads/slider/TCH-74172-Flu_Slider_Treatment.jpg]
[trustcarehealth.com/uploads/slider/TCH-73713-TrustCare-Landing-Pages_Slider-02.jpg]
[www.trustcarehealth.com/about/physicians.html]
[trustcarehealth.com/uploads/slider/tc_primarycare.jpg]
[www.trustcarehealth.com/services/covid-19-testing.html]
[www.trustcarehealth.com/patient-resources/patient-portal.html]
[trustcarehealth.com/uploads/tch-kids.jpg]
[trustcarehealth.com/uploads/blog/_130x130_crop_center-center_100_none/GettyImages-172978352.jpg]
[trustcarehealth.com/uploads/blog/_130x130_crop_center-center_100_none/TrustCare_XRays.jpg]
[trustcarehealth.com/uploads/blog/_130x130_crop_center-center_100_none/TrustCare-Kids-Urgent-Care.jpg]
[www.trustcarehealth.com/patient-resources/pay-bill.html]
[www.trustcarehealth.com/plus.html]
[trustcarehealth.com/uploads/logos/LOGO_TrustCare-FeelBetterFaster.png]
[trustcarehealth.com/uploads/logos/uca-logo.png]
[trustcarehealth.com/uploads/logos/logo-trl-white.png]
[www.trustcarehealth.com/services/urgent-care.html]
[www.trustcarehealth.com/kids.html]
[www.trustcarehealth.com/index.html]
[www.googletagmanager.com/gtm5445.html]
[www.trustcarehealth.com/js/scriptse67d.js]
[www.trustcarehealth.com/c]
[www.trustcarehealth.com/b]
[www.trustcarehealth.com/POST]
[connect.facebook.net/en_US/fbevents.js]
[www.trustcarehealth.com/assets/fonts/Mikado-Light.woff2]
[www.trustcarehealth.com/assets/fonts/Mikado-Light.woff]
[www.trustcarehealth.com/assets/fonts/Mikado-Regular.woff2]
[www.trustcarehealth.com/assets/fonts/Mikado-Regular.woff]
[www.trustcarehealth.com/assets/fonts/Mikado-RegularItalic.woff2]
[www.trustcarehealth.com/assets/fonts/Mikado-RegularItalic.woff]
[www.trustcarehealth.com/assets/fonts/MikadoBoldDEMO.woff2]
[www.trustcarehealth.com/assets/fonts/MikadoBoldDEMO.woff]
[www.trustcarehealth.com/assets/fonts/Mikado-LightItalic.woff2]
[www.trustcarehealth.com/assets/fonts/Mikado-LightItalic.woff]
[www.trustcarehealth.com/assets/fonts/Mikado-UltraItalic.woff2]
[www.trustcarehealth.com/assets/fonts/Mikado-UltraItalic.woff]
[www.trustcarehealth.com/assets/fonts/Mikado-BlackItalic.woff2]
[www.trustcarehealth.com/assets/fonts/Mikado-BlackItalic.woff]
[www.trustcarehealth.com/assets/fonts/Mikado-Ultra.woff2]
[www.trustcarehealth.com/assets/fonts/Mikado-Ultra.woff]
[www.trustcarehealth.com/assets/fonts/Mikado-Black.woff2]
[www.trustcarehealth.com/assets/fonts/Mikado-Black.woff]
[www.trustcarehealth.com/assets/fonts/Mikado-BoldItalic.woff2]
[www.trustcarehealth.com/assets/fonts/Mikado-BoldItalic.woff]
[www.trustcarehealth.com/assets/fonts/Mikado-Bold.woff2]
[www.trustcarehealth.com/assets/fonts/Mikado-Bold.woff]
[www.trustcarehealth.com/assets/fonts/Mikado-Medium.woff2]
[www.trustcarehealth.com/assets/fonts/Mikado-Medium.woff]
[www.trustcarehealth.com/assets/fonts/Mikado-MediumItalic.woff2]
[www.trustcarehealth.com/assets/fonts/Mikado-MediumItalic.woff]
[www.trustcarehealth.com/assets/fonts/fontawesome-webfont3e6e.eot]
[www.trustcarehealth.com/assets/fonts/fontawesome-webfontd41d.eot]
[www.trustcarehealth.com/assets/fonts/fontawesome-webfont3e6e.woff2]
[www.trustcarehealth.com/assets/fonts/fontawesome-webfont3e6e.woff]
[www.trustcarehealth.com/assets/fonts/fontawesome-webfont3e6e.ttf]
[www.trustcarehealth.com/assets/fonts/fontawesome-webfont3e6e.svg]
[www.trustcarehealth.com/assets/images/left-arrow.png]
[www.trustcarehealth.com/assets/images/right-arrow.png]
[www.trustcarehealth.com/assets/images/kids-blog-post-bg.png]
[www.trustcarehealth.com/assets/images/cta-brand-bg.svg]
[www.trustcarehealth.com/images/halftone-background.svg]
[www.trustcarehealth.com/css/maine8c8.css]
[www.trustcarehealth.com/images/kids-shapes.svg]
[trustcarehealth.com/uploads/dpc-hero.jpg]
[trustcarehealth.com/uploads/pages/Joseph-Hunter-Detail.png]
[trustcarehealth.com/uploads/pages/TCH-74224-Doctor-Profile-Template-Dr.-Shrestha.jpg]
[trustcarehealth.com/uploads/pages/Phillippi-Cathie-Detail.png]
[trustcarehealth.com/uploads/pages/Washington-Megan-Detail.png]
[trustcarehealth.com/uploads/pages/StephenChouteau.png]
[trustcarehealth.com/uploads/pages/DanielSeale.png]
[trustcarehealth.com/uploads/pages/TimothyShaw.png]
[www.trustcarehealth.com/about/insurance.html]
[www.trustcarehealth.com/about/blog.html]
[www.trustcarehealth.com/about/contact.html]
[www.trustcarehealth.com/about/business-trustcareplus-contact.html]
[www.trustcarehealth.com/about/physicians.html]
[www.trustcarehealth.com/about/careers.html]
[trustcarehealth.com/uploads/covid-19-testing-hero.jpg]
[trustcarehealth.com/uploads/pages/COVID-19-Testing-SwabResult.jpg]
[www.trustcarehealth.com/locations.html]
[www.trustcarehealth.com/services/covid-19-testing.html]
[trustcarehealth.com/uploads/pay-online_190627_161134.jpg]
[trustcarehealth.com/uploads/pages/athena-health-logo-450x2.jpg]
[www.trustcarehealth.com/cdn-cgi/l/email-protection.html]
[www.trustcarehealth.com/patient-resources/patient-forms.html]
[www.trustcarehealth.com/patient-resources/patient-portal.html]
[www.trustcarehealth.com/patient-resources/pay-bill.html]
[www.trustcarehealth.com/cdn-cgi/scripts/5c5dd728/cloudflare-static/email-decode.min.js]
[trustcarehealth.com/uploads/headers/tc_plus_logo_reversed@2x.png]
[trustcarehealth.com/uploads/_707x454_crop_center-center_100_none/Mask-Group-7_2022-07-13-185640_pdlv.png]
[trustcarehealth.com/uploads/_707x454_crop_center-center_100_none/iphone-messaging.png]
[trustcarehealth.com/uploads/_707x454_crop_center-center_100_none/Mask-Group-8-1.png]
[trustcarehealth.com/uploads/Group-72.png]
[trustcarehealth.com/uploads/Group-73.png]
[trustcarehealth.com/uploads/7Days.png]
[trustcarehealth.com/uploads/Group-74.png]
[www.trustcarehealth.com/plus.html]
[trustcarehealth.com/uploads/urgent-care-banner.jpg]
[www.trustcarehealth.com/services/urgent-care/gastroenteritis.html]
[www.trustcarehealth.com/services/urgent-care/gout.html]
[www.trustcarehealth.com/services/urgent-care/hypertension.html]
[www.trustcarehealth.com/services/urgent-care/influenza.html]
[www.trustcarehealth.com/services/urgent-care/lifting-proper-body-mechanics.html]
[www.trustcarehealth.com/services/urgent-care/low-back-pain.html]
[www.trustcarehealth.com/services/urgent-care/sinusitis.html]
[www.trustcarehealth.com/services/urgent-care/sprains-strains.html]
[www.trustcarehealth.com/services/urgent-care/strep-throat.html]
[www.trustcarehealth.com/services/urgent-care/upper-respiratory-infection.html]
[www.trustcarehealth.com/services/urgent-care/urinary-tract-infection.html]
[www.trustcarehealth.com/services/primary-care.html]
[www.trustcarehealth.com/services/direct-primary-care.html]
[www.trustcarehealth.com/services/digital-x-rays.html]
[www.trustcarehealth.com/services/wellness-exams.html]
[www.trustcarehealth.com/services/kids-physicals.html]
[www.trustcarehealth.com/services/vaccines-and-immunizations.html]
[www.trustcarehealth.com/services/telehealth.html]
[www.trustcarehealth.com/services/urgent-care.html]
[www.trustcarehealth.com/services/trustcare-rx.html]
[trustcarehealth.com/uploads/headers/tc-kids-hero.jpg]
[trustcarehealth.com/uploads/logos/trust-care-kids-logo.png]
[trustcarehealth.com/uploads/TrustCare-Kids-Primary-Care.jpg]
[trustcarehealth.com/uploads/TrustCare-Kids-Urgent-Care.jpg]
[trustcarehealth.com/uploads/_450x550_crop_center-center_100_none/dr-catherine-p-phillippi-main.jpg]
[trustcarehealth.com/uploads/_450x550_crop_center-center_100_none/Dr-Megan-Washington-TrustCareKids.jpg]
[trustcarehealth.com/uploads/Slider-Lion-Exam-Table.jpg]
[trustcarehealth.com/uploads/Slider-Waiting-Room.jpg]
[trustcarehealth.com/uploads/Slider-Waiting-Room-Interactive-Wall.jpg]
[trustcarehealth.com/uploads/Slider-In-Room-Interactive-Wall.jpg]
[trustcarehealth.com/uploads/icons/stroller.png]
[trustcarehealth.com/uploads/icons/clock.png]
[trustcarehealth.com/uploads/icons/runner.png]
[trustcarehealth.com/uploads/icons/medbag.png]
[trustcarehealth.com/uploads/icons/x-ray.png]
[trustcarehealth.com/uploads/icons/brain.png]
[trustcarehealth.com/uploads/eye.png]
[trustcarehealth.com/uploads/COVID-testing-kids.png]
[trustcarehealth.com/uploads/pediatrician-child.png]
[trustcarehealth.com/uploads/kids-blog-post-bear-compressed.jpg]
[trustcarehealth.com/uploads/blog/_240xAUTO_fit_center-center_100_none/TrustCare-Kids-Urgent-Care.jpg]
[www.trustcarehealth.com/kids.html]
[www.trustcarehealth.com/c.html]
[www.trustcarehealth.com/b.html]
[www.trustcarehealth.com/POST.html]
[secure.unitednetworksofamerica.com/partner/css/iframe.css]
[www.trustcarehealth.com/assets/fonts/fontawesome-webfont3e6e.svg]
[www.trustcarehealth.com/assets/images/cta-brand-bg.svg]
[www.trustcarehealth.com/images/halftone-background.svg]
[www.trustcarehealth.com/images/kids-shapes.svg]
[trustcarehealth.com/uploads/headers/insurance-hero.jpg]
[trustcarehealth.com/uploads/logos/care-credit-transparent.png]
[www.trustcarehealth.com/about/insurance.html]
[trustcarehealth.com/uploads/blog/_130x130_crop_center-center_100_none/WhatToLookForInPrimaryCareProvider.jpg]
[trustcarehealth.com/uploads/blog/_130x130_crop_center-center_100_none/tch73938_2022_Blog_Urgent-vs-Primary-Care-1.jpg]
[trustcarehealth.com/uploads/blog/_130x130_crop_center-center_100_none/Tension-Headache.jpg]
[www.trustcarehealth.com/about/blog.html]
[trustcarehealth.com/cpresources/8ef2e2fd/formie-theme76af.css]
[trustcarehealth.com/uploads/headers/contact-hero.jpg]
[www.trustcarehealth.com/about/contact.html]
[trustcarehealth.com/cpresources/cf4ae984/formie76af.js]
[trustcarehealth.com/uploads/slider/tch73713_vestavia.jpg]
[www.trustcarehealth.com/about/business-trustcareplus-contact.html]
[trustcarehealth.com/uploads/careers_header.gif]
[trustcarehealth.com/uploads/circle-exclamation-solid2_2022-09-22-030248_gghn.png]
[trustcarehealth.com/uploads/pages/BrentBlackwellTrustCare-3-e1618768858648.jpg]
[trustcarehealth.com/uploads/pages/heart_icon_02.png]
[trustcarehealth.com/uploads/pages/smile_icon_02.png]
[trustcarehealth.com/uploads/pages/check_icon_02.png]
[trustcarehealth.com/uploads/pages/bill_icon_02.png]
[trustcarehealth.com/uploads/pages/college_icon_02.png]
[trustcarehealth.com/uploads/pages/shield_icon_02.png]
[trustcarehealth.com/uploads/pages/chat_icon_02.png]
[trustcarehealth.com/uploads/pages/bolt_icon_02.png]
[trustcarehealth.com/uploads/pages/nursing_02.png]
[trustcarehealth.com/uploads/pages/radiology_tech.png]
[trustcarehealth.com/uploads/pages/patient_registration.png]
[trustcarehealth.com/uploads/pages/nurse_practioner.png]
[trustcarehealth.com/uploads/pages/billing.png]
[trustcarehealth.com/uploads/pages/administration.png]
[www.trustcarehealth.com/about/careers.html]
[www.trustcarehealth.com/locations.html]
[www.trustcarehealth.com/cdn-cgi/l/email-protection.html]
[trustcarehealth.com/uploads/patient-forms-banner_190715_185124.jpg]
[www.trustcarehealth.com/js/locations-appd28d.js]
[www.trustcarehealth.com/uploads/034.1-Patient-Intake.pdf]
[www.trustcarehealth.com/uploads/pages/049.1-MS-Athletic-Pre-Participation-Form-fillable-online.pdf]
[www.trustcarehealth.com/patient-resources/patient-forms.html]
[trustcarehealth.com/uploads/headers/Injuries-Illnesses-Hero-R.jpg]
[www.trustcarehealth.com/uploads/pages/gastroenteritis.pdf]
[www.trustcarehealth.com/services/urgent-care/gastroenteritis.html]
[www.trustcarehealth.com/uploads/pages/gout.pdf]
[www.trustcarehealth.com/services/urgent-care/gout.html]
[www.trustcarehealth.com/uploads/pages/hypertension.pdf]
[www.trustcarehealth.com/services/urgent-care/hypertension.html]
[www.trustcarehealth.com/uploads/pages/flu.pdf]
[www.trustcarehealth.com/services/urgent-care/influenza.html]
[www.trustcarehealth.com/uploads/pages/lifting.pdf]
[www.trustcarehealth.com/services/urgent-care/lifting-proper-body-mechanics.html]
[www.trustcarehealth.com/uploads/pages/low-back-pain.pdf]
[www.trustcarehealth.com/services/urgent-care/low-back-pain.html]
[www.trustcarehealth.com/uploads/pages/sinusitis.pdf]
[www.trustcarehealth.com/services/urgent-care/sinusitis.html]
[www.trustcarehealth.com/uploads/pages/sprains-and-strains.pdf]
[www.trustcarehealth.com/services/urgent-care/sprains-strains.html]
[www.trustcarehealth.com/uploads/pages/strep.pdf]
[www.trustcarehealth.com/services/urgent-care/strep-throat.html]
[www.trustcarehealth.com/services/urgent-care/upper-respiratory-infection.html]
[www.trustcarehealth.com/uploads/pages/UTI.pdf]
[www.trustcarehealth.com/services/urgent-care/urinary-tract-infection.html]
[trustcarehealth.com/uploads/PrimaryCareBanner.jpg]
[trustcarehealth.com/uploads/CZ4A0817.jpg]
[www.trustcarehealth.com/services/primary-care.html]
[trustcarehealth.com/uploads/dpc-hero-r.jpg]
[www.trustcarehealth.com/assets/images/check-icon.png]
[www.trustcarehealth.com/assets/images/individual-icon.png]
[www.trustcarehealth.com/assets/images/individual-spouse-icon.png]
[www.trustcarehealth.com/assets/images/individual-spouse-child-icon.png]
[trustcarehealth.com/uploads/logos/trustcare-prime-logo.png]
[www.trustcarehealth.com/services/direct-primary-care.html]
[trustcarehealth.com/uploads/digital-xray-banner.jpg]
[www.trustcarehealth.com/services/digital-x-rays.html]
[trustcarehealth.com/uploads/wellness-prevention_190625_154012.jpg]
[www.trustcarehealth.com/services/wellness-exams.html]
[trustcarehealth.com/uploads/kids-physicals-banner.jpg]
[www.trustcarehealth.com/services/kids-physicals.html]
[trustcarehealth.com/uploads/Vaccines-and-Immunizations.jpg]
[www.trustcarehealth.com/services/vaccines-and-immunizations.html]
[trustcarehealth.com/uploads/Telehealth-LandingPageHero-Feb2021.jpg]
[www.trustcarehealth.com/services/telehealth.html]
[trustcarehealth.com/uploads/headers/pharmacy-savings-banner.jpg]
[www.trustcarehealth.com/services/trustcare-rx.html]
[trustcarehealth.com/cpresources/8ef2e2fd/formie-theme76af.css]
